// Jest Snapshot v1, https://goo.gl/fbAQLP

exports[`POST /patient calls handler for valid incoming request 1`] = `
[MockFunction] {
  "calls": [
    [
      {
        "_id": "JOHN_DOE_ID",
        "date_of_birth": "2000-01-01",
        "id": "OPTIONAL",
        "name": "John Doe",
        "parent": "OPTIONAL",
        "sex": "male",
        "type": "OPTIONAL",
      },
    ],
  ],
  "results": [
    {
      "type": "return",
      "value": Promise {},
    },
  ],
}
`;

exports[`POST /patient returns a bad request error for invalid incoming request 1`] = `
{
  "message": "Invalid date expecting YYYY-MM-DD",
}
`;
