// Jest Snapshot v1, https://goo.gl/fbAQLP

exports[`Organization controllers createOrganization creates a organization when given a valid organization resource 1`] = `
[MockFunction] {
  "calls": [
    [
      "http://openhim-core:5001/fhir/Organization",
      {
        "resourceType": "Organization",
      },
      {
        "auth": {
          "password": "interop-password",
          "username": "interop-client",
        },
      },
    ],
  ],
  "results": [
    {
      "type": "return",
      "value": Promise {},
    },
  ],
}
`;
