// Jest Snapshot v1, https://goo.gl/fbAQLP

exports[`Patient controllers createPatient creates a patient when given a valid patient resource 1`] = `
[MockFunction] {
  "calls": [
    [
      "http://openhim-core:5001/fhir/Patient",
      {
        "resourceType": "Patient",
      },
      {
        "auth": {
          "password": "interop-password",
          "username": "interop-client",
        },
      },
    ],
  ],
  "results": [
    {
      "type": "return",
      "value": Promise {},
    },
  ],
}
`;
