// Jest Snapshot v1, https://goo.gl/fbAQLP

exports[`ServiceRequest controllers createServiceRequest returns a 500 status code if record creation on cht fails 1`] = `
{
  "message": "Cannot read properties of undefined (reading 'identifier')",
}
`;

exports[`ServiceRequest controllers createServiceRequest returns status and data of AxioError 1`] = `
{
  "resourceType": "Patient",
}
`;

exports[`ServiceRequest controllers createServiceRequest returns status code and error when server fails to create a subscription 1`] = `
{
  "message": "Cannot read properties of undefined (reading 'data')",
}
`;
